Created a parking lot with 1 slots
Allocated slot number: 1
KA-01-HH-1234

